Copyright 1986-2018 Xilinx, Inc. All Rights Reserved.
------------------------------------------------------------------------------------------
| Tool Version : Vivado v.2018.2 (win64) Build 2258646 Thu Jun 14 20:03:12 MDT 2018
| Date         : Sat Dec 10 10:20:56 2022
| Host         : DESKTOP-8T4JQ0K running 64-bit major release  (build 9200)
| Command      : report_control_sets -verbose -file Digital_Alarm_control_sets_placed.rpt
| Design       : Digital_Alarm
| Device       : xc7a35t
------------------------------------------------------------------------------------------

Control Set Information

Table of Contents
-----------------
1. Summary
2. Histogram
3. Flip-Flop Distribution
4. Detailed Control Set Information

1. Summary
----------

+----------------------------------------------------------+-------+
|                          Status                          | Count |
+----------------------------------------------------------+-------+
| Number of unique control sets                            |     6 |
| Unused register locations in slices containing registers |    26 |
+----------------------------------------------------------+-------+


2. Histogram
------------

+--------+--------------+
| Fanout | Control Sets |
+--------+--------------+
|      4 |            2 |
|     10 |            2 |
|    16+ |            2 |
+--------+--------------+


3. Flip-Flop Distribution
-------------------------

+--------------+-----------------------+------------------------+-----------------+--------------+
| Clock Enable | Synchronous Set/Reset | Asynchronous Set/Reset | Total Registers | Total Slices |
+--------------+-----------------------+------------------------+-----------------+--------------+
| No           | No                    | No                     |               8 |            2 |
| No           | No                    | Yes                    |              24 |            5 |
| No           | Yes                   | No                     |             198 |           43 |
| Yes          | No                    | No                     |               0 |            0 |
| Yes          | No                    | Yes                    |               0 |            0 |
| Yes          | Yes                   | No                     |               0 |            0 |
+--------------+-----------------------+------------------------+-----------------+--------------+


4. Detailed Control Set Information
-----------------------------------

+----------------------+---------------+------------------+------------------+----------------+
|     Clock Signal     | Enable Signal | Set/Reset Signal | Slice Load Count | Bel Load Count |
+----------------------+---------------+------------------+------------------+----------------+
|  pb4/newClk/clkOut   |               |                  |                1 |              4 |
|  pb3/newClk/clkOut   |               |                  |                1 |              4 |
|  pb4/newClk/clkOut   |               | rst_IBUF         |                3 |             10 |
|  pb3/newClk/clkOut   |               | rst_IBUF         |                1 |             10 |
|  clk_IBUF_BUFG       |               | rst_IBUF         |               14 |             66 |
|  cnt_reg[31]_i_2_n_0 |               | rst_IBUF         |               30 |            136 |
+----------------------+---------------+------------------+------------------+----------------+


